<div class='definition'><pre><span style="color:#000080;">internal&#32;function&#32;set&#32;</span><span style="color:#914c07;">AAA.aaa</span><span style="">(<br></span><span style="">&#32;&#32;&#32;&#32;x:<a href="psi_element://CCC">CCC</a><br></span><span style="">)</span></pre></div><div class='content'><p>Useful information</div>