<div class='definition'><pre><span style="color:#000080;">internal&#32;function&#32;</span><span style="color:#914c07;">controls.CCC.aaa</span><span style="">(<br></span><span style="">&#32;&#32;&#32;&#32;a:int&#32;=&#32;</span><span style="color:#0000ff;">1<br></span><span style="">)</span></pre></div><div class='content'><p>my super
func
<table>
  <tr>
      <th>Property</th>
      <th>Value</th>
  </tr>
  <tr>
      <td><code>bubbles</code></td>
      <td>false</td>
  </tr>
</table><p>doc1
doc2<TABLE width="100%"></TABLE>
doc3
doc4</div>