<div class='definition'><pre><span style="color:#000080;">public&#32;function&#32;</span><span style="color:#914c07;">LibraryMain.someMethod</span><span style="">(<br></span><span style="">&#32;&#32;&#32;&#32;param:int<br></span><span style="">):&#32;int</span></pre></div><div class='content'><p>This is sample method</div><table class='sections'><tr><td valign='top' class='section'><p>Params:</td><td valign='top'><p>param &ndash; integer parameter</td><tr><td valign='top' class='section'><p>Returns:</td><td valign='top'><p>int return value</td></table>