<div class='definition'><pre><span style='color: #000080'>directive</span> <span style='color: #000000'><span style="">CdkNoDataRow</span></span></pre></div><div class='content'><p>Row that can be used to display a message when no data is shown in the table.</div><table class='sections'><tr><td valign='top' class='section'><p>Selectors:</td><td valign='top'><p><pre><span style="color:#000080;">ng-template</span><span style="">[</span><span style="color:#000080;">cdkNoDataRow</span><span style="">]</span></pre></td><tr><td valign='top' colspan='2'><icon src='JavaScriptCoreIcons.FileTypes.TypeScriptFile'/>&nbsp;@angular/cdk</td></table>