<div class='definition'><pre><span style='color: #000080'>component</span> <span style='color: #000000'><span style="">ListItemComponent</span></span></pre></div><div class='content'><p>component comment</div><table class='sections'><tr><td valign='top' class='section'><p>Selectors:</td><td valign='top'><p><pre><span style="color:#000080;">app-list-item</span></pre></td><tr><td valign='top' colspan='2'><icon src='JavaScriptCoreIcons.FileTypes.TypeScriptFile'/>&nbsp;deps/list-item.component.ts</td></table>